---
source: crates/php-parser/tests/integration.rs
expression: "category_snapshot(\"match\")"
---
=== match multi conditions ===
{
  "stmts": [
    {
      "kind": {
        "Expression": {
          "kind": {
            "Assign": {
              "target": {
                "kind": {
                  "Variable": "r"
                },
                "span": {
                  "start": 6,
                  "end": 8
                }
              },
              "op": "Assign",
              "value": {
                "kind": {
                  "Match": {
                    "subject": {
                      "kind": {
                        "Variable": "x"
                      },
                      "span": {
                        "start": 17,
                        "end": 19
                      }
                    },
                    "arms": [
                      {
                        "conditions": [
                          {
                            "kind": {
                              "Int": 1
                            },
                            "span": {
                              "start": 23,
                              "end": 24
                            }
                          },
                          {
                            "kind": {
                              "Int": 2
                            },
                            "span": {
                              "start": 26,
                              "end": 27
                            }
                          },
                          {
                            "kind": {
                              "Int": 3
                            },
                            "span": {
                              "start": 29,
                              "end": 30
                            }
                          }
                        ],
                        "body": {
                          "kind": {
                            "String": "low"
                          },
                          "span": {
                            "start": 34,
                            "end": 39
                          }
                        },
                        "span": {
                          "start": 23,
                          "end": 39
                        }
                      },
                      {
                        "conditions": [
                          {
                            "kind": {
                              "Int": 4
                            },
                            "span": {
                              "start": 41,
                              "end": 42
                            }
                          },
                          {
                            "kind": {
                              "Int": 5
                            },
                            "span": {
                              "start": 44,
                              "end": 45
                            }
                          }
                        ],
                        "body": {
                          "kind": {
                            "String": "high"
                          },
                          "span": {
                            "start": 49,
                            "end": 55
                          }
                        },
                        "span": {
                          "start": 41,
                          "end": 55
                        }
                      }
                    ]
                  }
                },
                "span": {
                  "start": 11,
                  "end": 57
                }
              }
            }
          },
          "span": {
            "start": 6,
            "end": 57
          }
        }
      },
      "span": {
        "start": 6,
        "end": 58
      }
    }
  ],
  "span": {
    "start": 0,
    "end": 58
  }
}
=== match with default ===
{
  "stmts": [
    {
      "kind": {
        "Expression": {
          "kind": {
            "Assign": {
              "target": {
                "kind": {
                  "Variable": "r"
                },
                "span": {
                  "start": 6,
                  "end": 8
                }
              },
              "op": "Assign",
              "value": {
                "kind": {
                  "Match": {
                    "subject": {
                      "kind": {
                        "Bool": true
                      },
                      "span": {
                        "start": 17,
                        "end": 21
                      }
                    },
                    "arms": [
                      {
                        "conditions": [
                          {
                            "kind": {
                              "Binary": {
                                "left": {
                                  "kind": {
                                    "Variable": "a"
                                  },
                                  "span": {
                                    "start": 25,
                                    "end": 27
                                  }
                                },
                                "op": "Greater",
                                "right": {
                                  "kind": {
                                    "Int": 0
                                  },
                                  "span": {
                                    "start": 30,
                                    "end": 31
                                  }
                                }
                              }
                            },
                            "span": {
                              "start": 25,
                              "end": 31
                            }
                          }
                        ],
                        "body": {
                          "kind": {
                            "String": "pos"
                          },
                          "span": {
                            "start": 35,
                            "end": 40
                          }
                        },
                        "span": {
                          "start": 25,
                          "end": 40
                        }
                      },
                      {
                        "conditions": null,
                        "body": {
                          "kind": {
                            "String": "other"
                          },
                          "span": {
                            "start": 53,
                            "end": 60
                          }
                        },
                        "span": {
                          "start": 42,
                          "end": 60
                        }
                      }
                    ]
                  }
                },
                "span": {
                  "start": 11,
                  "end": 62
                }
              }
            }
          },
          "span": {
            "start": 6,
            "end": 62
          }
        }
      },
      "span": {
        "start": 6,
        "end": 63
      }
    }
  ],
  "span": {
    "start": 0,
    "end": 63
  }
}
=== match in assignment ===
{
  "stmts": [
    {
      "kind": {
        "Expression": {
          "kind": {
            "Assign": {
              "target": {
                "kind": {
                  "Variable": "y"
                },
                "span": {
                  "start": 6,
                  "end": 8
                }
              },
              "op": "Assign",
              "value": {
                "kind": {
                  "Match": {
                    "subject": {
                      "kind": {
                        "Variable": "x"
                      },
                      "span": {
                        "start": 17,
                        "end": 19
                      }
                    },
                    "arms": [
                      {
                        "conditions": [
                          {
                            "kind": {
                              "String": "a"
                            },
                            "span": {
                              "start": 23,
                              "end": 26
                            }
                          }
                        ],
                        "body": {
                          "kind": {
                            "Int": 1
                          },
                          "span": {
                            "start": 30,
                            "end": 31
                          }
                        },
                        "span": {
                          "start": 23,
                          "end": 31
                        }
                      },
                      {
                        "conditions": [
                          {
                            "kind": {
                              "String": "b"
                            },
                            "span": {
                              "start": 33,
                              "end": 36
                            }
                          }
                        ],
                        "body": {
                          "kind": {
                            "Int": 2
                          },
                          "span": {
                            "start": 40,
                            "end": 41
                          }
                        },
                        "span": {
                          "start": 33,
                          "end": 41
                        }
                      },
                      {
                        "conditions": null,
                        "body": {
                          "kind": {
                            "Int": 0
                          },
                          "span": {
                            "start": 54,
                            "end": 55
                          }
                        },
                        "span": {
                          "start": 43,
                          "end": 55
                        }
                      }
                    ]
                  }
                },
                "span": {
                  "start": 11,
                  "end": 57
                }
              }
            }
          },
          "span": {
            "start": 6,
            "end": 57
          }
        }
      },
      "span": {
        "start": 6,
        "end": 58
      }
    }
  ],
  "span": {
    "start": 0,
    "end": 58
  }
}
=== match nested ===
{
  "stmts": [
    {
      "kind": {
        "Expression": {
          "kind": {
            "Assign": {
              "target": {
                "kind": {
                  "Variable": "r"
                },
                "span": {
                  "start": 6,
                  "end": 8
                }
              },
              "op": "Assign",
              "value": {
                "kind": {
                  "Match": {
                    "subject": {
                      "kind": {
                        "Variable": "a"
                      },
                      "span": {
                        "start": 17,
                        "end": 19
                      }
                    },
                    "arms": [
                      {
                        "conditions": [
                          {
                            "kind": {
                              "Int": 1
                            },
                            "span": {
                              "start": 23,
                              "end": 24
                            }
                          }
                        ],
                        "body": {
                          "kind": {
                            "Match": {
                              "subject": {
                                "kind": {
                                  "Variable": "b"
                                },
                                "span": {
                                  "start": 34,
                                  "end": 36
                                }
                              },
                              "arms": [
                                {
                                  "conditions": [
                                    {
                                      "kind": {
                                        "Int": 1
                                      },
                                      "span": {
                                        "start": 40,
                                        "end": 41
                                      }
                                    }
                                  ],
                                  "body": {
                                    "kind": {
                                      "String": "aa"
                                    },
                                    "span": {
                                      "start": 45,
                                      "end": 49
                                    }
                                  },
                                  "span": {
                                    "start": 40,
                                    "end": 49
                                  }
                                },
                                {
                                  "conditions": null,
                                  "body": {
                                    "kind": {
                                      "String": "ab"
                                    },
                                    "span": {
                                      "start": 62,
                                      "end": 66
                                    }
                                  },
                                  "span": {
                                    "start": 51,
                                    "end": 66
                                  }
                                }
                              ]
                            }
                          },
                          "span": {
                            "start": 28,
                            "end": 68
                          }
                        },
                        "span": {
                          "start": 23,
                          "end": 68
                        }
                      },
                      {
                        "conditions": null,
                        "body": {
                          "kind": {
                            "String": "x"
                          },
                          "span": {
                            "start": 81,
                            "end": 84
                          }
                        },
                        "span": {
                          "start": 70,
                          "end": 84
                        }
                      }
                    ]
                  }
                },
                "span": {
                  "start": 11,
                  "end": 86
                }
              }
            }
          },
          "span": {
            "start": 6,
            "end": 86
          }
        }
      },
      "span": {
        "start": 6,
        "end": 87
      }
    }
  ],
  "span": {
    "start": 0,
    "end": 87
  }
}
=== match throw ===
{
  "stmts": [
    {
      "kind": {
        "Expression": {
          "kind": {
            "Assign": {
              "target": {
                "kind": {
                  "Variable": "r"
                },
                "span": {
                  "start": 6,
                  "end": 8
                }
              },
              "op": "Assign",
              "value": {
                "kind": {
                  "Match": {
                    "subject": {
                      "kind": {
                        "Variable": "x"
                      },
                      "span": {
                        "start": 17,
                        "end": 19
                      }
                    },
                    "arms": [
                      {
                        "conditions": [
                          {
                            "kind": {
                              "Int": 1
                            },
                            "span": {
                              "start": 23,
                              "end": 24
                            }
                          }
                        ],
                        "body": {
                          "kind": {
                            "String": "ok"
                          },
                          "span": {
                            "start": 28,
                            "end": 32
                          }
                        },
                        "span": {
                          "start": 23,
                          "end": 32
                        }
                      },
                      {
                        "conditions": null,
                        "body": {
                          "kind": {
                            "ThrowExpr": {
                              "kind": {
                                "New": {
                                  "class": {
                                    "kind": {
                                      "Identifier": "Exception"
                                    },
                                    "span": {
                                      "start": 55,
                                      "end": 64
                                    }
                                  },
                                  "args": []
                                }
                              },
                              "span": {
                                "start": 51,
                                "end": 67
                              }
                            }
                          },
                          "span": {
                            "start": 45,
                            "end": 67
                          }
                        },
                        "span": {
                          "start": 34,
                          "end": 67
                        }
                      }
                    ]
                  }
                },
                "span": {
                  "start": 11,
                  "end": 68
                }
              }
            }
          },
          "span": {
            "start": 6,
            "end": 68
          }
        }
      },
      "span": {
        "start": 6,
        "end": 69
      }
    }
  ],
  "span": {
    "start": 0,
    "end": 69
  }
}
=== match no default ===
{
  "stmts": [
    {
      "kind": {
        "Expression": {
          "kind": {
            "Assign": {
              "target": {
                "kind": {
                  "Variable": "r"
                },
                "span": {
                  "start": 6,
                  "end": 8
                }
              },
              "op": "Assign",
              "value": {
                "kind": {
                  "Match": {
                    "subject": {
                      "kind": {
                        "Variable": "x"
                      },
                      "span": {
                        "start": 17,
                        "end": 19
                      }
                    },
                    "arms": [
                      {
                        "conditions": [
                          {
                            "kind": {
                              "Int": 1
                            },
                            "span": {
                              "start": 23,
                              "end": 24
                            }
                          }
                        ],
                        "body": {
                          "kind": {
                            "String": "one"
                          },
                          "span": {
                            "start": 28,
                            "end": 33
                          }
                        },
                        "span": {
                          "start": 23,
                          "end": 33
                        }
                      },
                      {
                        "conditions": [
                          {
                            "kind": {
                              "Int": 2
                            },
                            "span": {
                              "start": 35,
                              "end": 36
                            }
                          }
                        ],
                        "body": {
                          "kind": {
                            "String": "two"
                          },
                          "span": {
                            "start": 40,
                            "end": 45
                          }
                        },
                        "span": {
                          "start": 35,
                          "end": 45
                        }
                      }
                    ]
                  }
                },
                "span": {
                  "start": 11,
                  "end": 47
                }
              }
            }
          },
          "span": {
            "start": 6,
            "end": 47
          }
        }
      },
      "span": {
        "start": 6,
        "end": 48
      }
    }
  ],
  "span": {
    "start": 0,
    "end": 48
  }
}
