---
source: crates/php-parser/tests/integration.rs
assertion_line: 1736
expression: result.program
---
stmts:
  - kind:
      Expression:
        kind:
          Assign:
            target:
              kind:
                Variable: x
              span:
                start: 6
                end: 8
            op: Assign
            value:
              kind:
                Heredoc:
                  label: EOT
                  parts:
                    - Literal: "Hello "
                    - Expr:
                        kind:
                          Variable: name
                        span:
                          start: 24
                          end: 29
                    - Literal: "!"
              span:
                start: 11
                end: 34
        span:
          start: 6
          end: 34
    span:
      start: 6
      end: 36
span:
  start: 0
  end: 36
