---
source: crates/php-parser/tests/integration.rs
expression: "fixture(source, &result.program)"
---
=== source ===
<?php enum E { case A; #[Override] public function foo(): void {} }
=== snapshot ===
{
  "stmts": [
    {
      "kind": {
        "Enum": {
          "name": "E",
          "scalar_type": null,
          "implements": [],
          "members": [
            {
              "kind": {
                "Case": {
                  "name": "A",
                  "value": null,
                  "attributes": []
                }
              },
              "span": {
                "start": 15,
                "end": 23
              }
            },
            {
              "kind": {
                "Method": {
                  "name": "foo",
                  "visibility": "Public",
                  "is_static": false,
                  "is_abstract": false,
                  "is_final": false,
                  "by_ref": false,
                  "params": [],
                  "return_type": {
                    "kind": {
                      "Named": {
                        "parts": [
                          "void"
                        ],
                        "kind": "Unqualified",
                        "span": {
                          "start": 58,
                          "end": 62
                        }
                      }
                    },
                    "span": {
                      "start": 58,
                      "end": 62
                    }
                  },
                  "body": [],
                  "attributes": [
                    {
                      "name": {
                        "parts": [
                          "Override"
                        ],
                        "kind": "Unqualified",
                        "span": {
                          "start": 25,
                          "end": 33
                        }
                      },
                      "args": [],
                      "span": {
                        "start": 25,
                        "end": 33
                      }
                    }
                  ]
                }
              },
              "span": {
                "start": 35,
                "end": 66
              }
            }
          ],
          "attributes": []
        }
      },
      "span": {
        "start": 6,
        "end": 67
      }
    }
  ],
  "span": {
    "start": 0,
    "end": 67
  }
}
