---
source: crates/php-parser/tests/integration.rs
expression: result.program
---
stmts:
  - kind:
      Function:
        name: f
        params:
          - name: name
            type_hint:
              kind:
                Named:
                  parts:
                    - string
                  kind: Unqualified
                  span:
                    start: 30
                    end: 36
              span:
                start: 30
                end: 36
            default: ~
            by_ref: false
            variadic: false
            visibility: ~
            attributes:
              - name:
                  parts:
                    - FromQuery
                  kind: Unqualified
                  span:
                    start: 19
                    end: 28
                args: []
                span:
                  start: 19
                  end: 28
            span:
              start: 17
              end: 42
        body: []
        return_type: ~
        by_ref: false
        attributes: []
    span:
      start: 6
      end: 46
span:
  start: 0
  end: 46
