---
source: crates/php-parser/tests/integration.rs
expression: to_json(&result.program)
---
{
  "stmts": [
    {
      "kind": {
        "Function": {
          "name": "gen",
          "params": [
            {
              "name": "x",
              "type_hint": null,
              "default": null,
              "by_ref": false,
              "variadic": false,
              "is_readonly": false,
              "is_final": false,
              "visibility": null,
              "set_visibility": null,
              "attributes": [],
              "span": {
                "start": 19,
                "end": 21
              }
            }
          ],
          "body": [
            {
              "kind": {
                "Expression": {
                  "kind": {
                    "Assign": {
                      "target": {
                        "kind": {
                          "Variable": "v"
                        },
                        "span": {
                          "start": 29,
                          "end": 31
                        }
                      },
                      "op": "Assign",
                      "value": {
                        "kind": {
                          "Match": {
                            "subject": {
                              "kind": {
                                "Bool": true
                              },
                              "span": {
                                "start": 40,
                                "end": 44
                              }
                            },
                            "arms": [
                              {
                                "conditions": [
                                  {
                                    "kind": {
                                      "Binary": {
                                        "left": {
                                          "kind": {
                                            "Variable": "x"
                                          },
                                          "span": {
                                            "start": 56,
                                            "end": 58
                                          }
                                        },
                                        "op": "Greater",
                                        "right": {
                                          "kind": {
                                            "Int": 0
                                          },
                                          "span": {
                                            "start": 61,
                                            "end": 62
                                          }
                                        }
                                      }
                                    },
                                    "span": {
                                      "start": 56,
                                      "end": 62
                                    }
                                  }
                                ],
                                "body": {
                                  "kind": {
                                    "Yield": {
                                      "key": null,
                                      "value": {
                                        "kind": {
                                          "Variable": "x"
                                        },
                                        "span": {
                                          "start": 72,
                                          "end": 74
                                        }
                                      }
                                    }
                                  },
                                  "span": {
                                    "start": 66,
                                    "end": 74
                                  }
                                },
                                "span": {
                                  "start": 56,
                                  "end": 74
                                }
                              },
                              {
                                "conditions": null,
                                "body": {
                                  "kind": {
                                    "Yield": {
                                      "key": null,
                                      "value": {
                                        "kind": {
                                          "Int": 0
                                        },
                                        "span": {
                                          "start": 101,
                                          "end": 102
                                        }
                                      }
                                    }
                                  },
                                  "span": {
                                    "start": 95,
                                    "end": 102
                                  }
                                },
                                "span": {
                                  "start": 84,
                                  "end": 102
                                }
                              }
                            ]
                          }
                        },
                        "span": {
                          "start": 34,
                          "end": 109
                        }
                      }
                    }
                  },
                  "span": {
                    "start": 29,
                    "end": 109
                  }
                }
              },
              "span": {
                "start": 29,
                "end": 111
              }
            }
          ],
          "return_type": null,
          "by_ref": false,
          "attributes": []
        }
      },
      "span": {
        "start": 6,
        "end": 112
      }
    }
  ],
  "span": {
    "start": 0,
    "end": 112
  }
}
