---
source: crates/php-parser/tests/integration.rs
expression: to_json(&result.program)
---
{
  "stmts": [
    {
      "kind": {
        "Expression": {
          "kind": {
            "Assign": {
              "target": {
                "kind": {
                  "Variable": "a"
                },
                "span": {
                  "start": 6,
                  "end": 8
                }
              },
              "op": "Assign",
              "value": {
                "kind": {
                  "CallableCreate": {
                    "kind": {
                      "Function": {
                        "kind": {
                          "Identifier": "strlen"
                        },
                        "span": {
                          "start": 11,
                          "end": 17
                        }
                      }
                    }
                  }
                },
                "span": {
                  "start": 11,
                  "end": 22
                }
              }
            }
          },
          "span": {
            "start": 6,
            "end": 22
          }
        }
      },
      "span": {
        "start": 6,
        "end": 24
      }
    },
    {
      "kind": {
        "Expression": {
          "kind": {
            "Assign": {
              "target": {
                "kind": {
                  "Variable": "b"
                },
                "span": {
                  "start": 24,
                  "end": 26
                }
              },
              "op": "Assign",
              "value": {
                "kind": {
                  "CallableCreate": {
                    "kind": {
                      "Method": {
                        "object": {
                          "kind": {
                            "Variable": "obj"
                          },
                          "span": {
                            "start": 29,
                            "end": 33
                          }
                        },
                        "method": {
                          "kind": {
                            "Identifier": "method"
                          },
                          "span": {
                            "start": 35,
                            "end": 41
                          }
                        }
                      }
                    }
                  }
                },
                "span": {
                  "start": 29,
                  "end": 46
                }
              }
            }
          },
          "span": {
            "start": 24,
            "end": 46
          }
        }
      },
      "span": {
        "start": 24,
        "end": 48
      }
    },
    {
      "kind": {
        "Expression": {
          "kind": {
            "Assign": {
              "target": {
                "kind": {
                  "Variable": "c"
                },
                "span": {
                  "start": 48,
                  "end": 50
                }
              },
              "op": "Assign",
              "value": {
                "kind": {
                  "CallableCreate": {
                    "kind": {
                      "NullsafeMethod": {
                        "object": {
                          "kind": {
                            "Variable": "obj"
                          },
                          "span": {
                            "start": 53,
                            "end": 57
                          }
                        },
                        "method": {
                          "kind": {
                            "Identifier": "method"
                          },
                          "span": {
                            "start": 60,
                            "end": 66
                          }
                        }
                      }
                    }
                  }
                },
                "span": {
                  "start": 53,
                  "end": 71
                }
              }
            }
          },
          "span": {
            "start": 48,
            "end": 71
          }
        }
      },
      "span": {
        "start": 48,
        "end": 73
      }
    },
    {
      "kind": {
        "Expression": {
          "kind": {
            "Assign": {
              "target": {
                "kind": {
                  "Variable": "d"
                },
                "span": {
                  "start": 73,
                  "end": 75
                }
              },
              "op": "Assign",
              "value": {
                "kind": {
                  "CallableCreate": {
                    "kind": {
                      "StaticMethod": {
                        "class": {
                          "kind": {
                            "Identifier": "Foo"
                          },
                          "span": {
                            "start": 78,
                            "end": 81
                          }
                        },
                        "method": "bar"
                      }
                    }
                  }
                },
                "span": {
                  "start": 78,
                  "end": 91
                }
              }
            }
          },
          "span": {
            "start": 73,
            "end": 91
          }
        }
      },
      "span": {
        "start": 73,
        "end": 93
      }
    },
    {
      "kind": {
        "Expression": {
          "kind": {
            "Assign": {
              "target": {
                "kind": {
                  "Variable": "e"
                },
                "span": {
                  "start": 93,
                  "end": 95
                }
              },
              "op": "Assign",
              "value": {
                "kind": {
                  "CallableCreate": {
                    "kind": {
                      "Method": {
                        "object": {
                          "kind": {
                            "Variable": "obj"
                          },
                          "span": {
                            "start": 98,
                            "end": 102
                          }
                        },
                        "method": {
                          "kind": {
                            "Variable": "dynamic"
                          },
                          "span": {
                            "start": 104,
                            "end": 112
                          }
                        }
                      }
                    }
                  }
                },
                "span": {
                  "start": 98,
                  "end": 117
                }
              }
            }
          },
          "span": {
            "start": 93,
            "end": 117
          }
        }
      },
      "span": {
        "start": 93,
        "end": 119
      }
    }
  ],
  "span": {
    "start": 0,
    "end": 119
  }
}
