---
source: crates/php-parser/tests/integration.rs
expression: to_json(& result.program)
---
{
  "stmts": [
    {
      "kind": {
        "Expression": {
          "kind": {
            "Assign": {
              "target": {
                "kind": {
                  "Variable": "a"
                },
                "span": {
                  "start": 6,
                  "end": 8
                }
              },
              "op": "Assign",
              "value": {
                "kind": {
                  "Binary": {
                    "left": {
                      "kind": {
                        "Int": 1
                      },
                      "span": {
                        "start": 11,
                        "end": 12
                      }
                    },
                    "op": "Add",
                    "right": {
                      "kind": {
                        "Binary": {
                          "left": {
                            "kind": {
                              "Int": 2
                            },
                            "span": {
                              "start": 15,
                              "end": 16
                            }
                          },
                          "op": "Mul",
                          "right": {
                            "kind": {
                              "Int": 3
                            },
                            "span": {
                              "start": 19,
                              "end": 20
                            }
                          }
                        }
                      },
                      "span": {
                        "start": 15,
                        "end": 20
                      }
                    }
                  }
                },
                "span": {
                  "start": 11,
                  "end": 20
                }
              }
            }
          },
          "span": {
            "start": 6,
            "end": 20
          }
        }
      },
      "span": {
        "start": 6,
        "end": 22
      }
    },
    {
      "kind": {
        "Expression": {
          "kind": {
            "Assign": {
              "target": {
                "kind": {
                  "Variable": "b"
                },
                "span": {
                  "start": 22,
                  "end": 24
                }
              },
              "op": "Assign",
              "value": {
                "kind": {
                  "Binary": {
                    "left": {
                      "kind": {
                        "Parenthesized": {
                          "kind": {
                            "Binary": {
                              "left": {
                                "kind": {
                                  "Int": 1
                                },
                                "span": {
                                  "start": 28,
                                  "end": 29
                                }
                              },
                              "op": "Add",
                              "right": {
                                "kind": {
                                  "Int": 2
                                },
                                "span": {
                                  "start": 32,
                                  "end": 33
                                }
                              }
                            }
                          },
                          "span": {
                            "start": 28,
                            "end": 33
                          }
                        }
                      },
                      "span": {
                        "start": 27,
                        "end": 35
                      }
                    },
                    "op": "Mul",
                    "right": {
                      "kind": {
                        "Int": 3
                      },
                      "span": {
                        "start": 37,
                        "end": 38
                      }
                    }
                  }
                },
                "span": {
                  "start": 27,
                  "end": 38
                }
              }
            }
          },
          "span": {
            "start": 22,
            "end": 38
          }
        }
      },
      "span": {
        "start": 22,
        "end": 40
      }
    },
    {
      "kind": {
        "Expression": {
          "kind": {
            "Assign": {
              "target": {
                "kind": {
                  "Variable": "c"
                },
                "span": {
                  "start": 40,
                  "end": 42
                }
              },
              "op": "Assign",
              "value": {
                "kind": {
                  "Binary": {
                    "left": {
                      "kind": {
                        "Int": 2
                      },
                      "span": {
                        "start": 45,
                        "end": 46
                      }
                    },
                    "op": "Pow",
                    "right": {
                      "kind": {
                        "Binary": {
                          "left": {
                            "kind": {
                              "Int": 3
                            },
                            "span": {
                              "start": 50,
                              "end": 51
                            }
                          },
                          "op": "Pow",
                          "right": {
                            "kind": {
                              "Int": 2
                            },
                            "span": {
                              "start": 55,
                              "end": 56
                            }
                          }
                        }
                      },
                      "span": {
                        "start": 50,
                        "end": 56
                      }
                    }
                  }
                },
                "span": {
                  "start": 45,
                  "end": 56
                }
              }
            }
          },
          "span": {
            "start": 40,
            "end": 56
          }
        }
      },
      "span": {
        "start": 40,
        "end": 58
      }
    },
    {
      "kind": {
        "Expression": {
          "kind": {
            "Assign": {
              "target": {
                "kind": {
                  "Variable": "d"
                },
                "span": {
                  "start": 58,
                  "end": 60
                }
              },
              "op": "Assign",
              "value": {
                "kind": {
                  "Ternary": {
                    "condition": {
                      "kind": {
                        "Binary": {
                          "left": {
                            "kind": {
                              "Variable": "a"
                            },
                            "span": {
                              "start": 63,
                              "end": 65
                            }
                          },
                          "op": "Greater",
                          "right": {
                            "kind": {
                              "Int": 0
                            },
                            "span": {
                              "start": 68,
                              "end": 69
                            }
                          }
                        }
                      },
                      "span": {
                        "start": 63,
                        "end": 69
                      }
                    },
                    "then_expr": {
                      "kind": {
                        "String": "positive"
                      },
                      "span": {
                        "start": 72,
                        "end": 82
                      }
                    },
                    "else_expr": {
                      "kind": {
                        "String": "non-positive"
                      },
                      "span": {
                        "start": 85,
                        "end": 99
                      }
                    }
                  }
                },
                "span": {
                  "start": 63,
                  "end": 99
                }
              }
            }
          },
          "span": {
            "start": 58,
            "end": 99
          }
        }
      },
      "span": {
        "start": 58,
        "end": 101
      }
    },
    {
      "kind": {
        "Expression": {
          "kind": {
            "Assign": {
              "target": {
                "kind": {
                  "Variable": "e"
                },
                "span": {
                  "start": 101,
                  "end": 103
                }
              },
              "op": "Assign",
              "value": {
                "kind": {
                  "NullCoalesce": {
                    "left": {
                      "kind": {
                        "Variable": "x"
                      },
                      "span": {
                        "start": 106,
                        "end": 108
                      }
                    },
                    "right": {
                      "kind": {
                        "String": "default"
                      },
                      "span": {
                        "start": 112,
                        "end": 121
                      }
                    }
                  }
                },
                "span": {
                  "start": 106,
                  "end": 121
                }
              }
            }
          },
          "span": {
            "start": 101,
            "end": 121
          }
        }
      },
      "span": {
        "start": 101,
        "end": 123
      }
    },
    {
      "kind": {
        "Expression": {
          "kind": {
            "Assign": {
              "target": {
                "kind": {
                  "Variable": "f"
                },
                "span": {
                  "start": 123,
                  "end": 125
                }
              },
              "op": "Assign",
              "value": {
                "kind": {
                  "Binary": {
                    "left": {
                      "kind": {
                        "Variable": "a"
                      },
                      "span": {
                        "start": 128,
                        "end": 130
                      }
                    },
                    "op": "Identical",
                    "right": {
                      "kind": {
                        "Variable": "b"
                      },
                      "span": {
                        "start": 135,
                        "end": 137
                      }
                    }
                  }
                },
                "span": {
                  "start": 128,
                  "end": 137
                }
              }
            }
          },
          "span": {
            "start": 123,
            "end": 137
          }
        }
      },
      "span": {
        "start": 123,
        "end": 139
      }
    },
    {
      "kind": {
        "Expression": {
          "kind": {
            "Assign": {
              "target": {
                "kind": {
                  "Variable": "g"
                },
                "span": {
                  "start": 139,
                  "end": 141
                }
              },
              "op": "Assign",
              "value": {
                "kind": {
                  "UnaryPrefix": {
                    "op": "BooleanNot",
                    "operand": {
                      "kind": {
                        "Variable": "flag"
                      },
                      "span": {
                        "start": 145,
                        "end": 150
                      }
                    }
                  }
                },
                "span": {
                  "start": 144,
                  "end": 150
                }
              }
            }
          },
          "span": {
            "start": 139,
            "end": 150
          }
        }
      },
      "span": {
        "start": 139,
        "end": 152
      }
    },
    {
      "kind": {
        "Expression": {
          "kind": {
            "Assign": {
              "target": {
                "kind": {
                  "Variable": "h"
                },
                "span": {
                  "start": 152,
                  "end": 154
                }
              },
              "op": "Assign",
              "value": {
                "kind": {
                  "UnaryPrefix": {
                    "op": "Negate",
                    "operand": {
                      "kind": {
                        "Variable": "x"
                      },
                      "span": {
                        "start": 158,
                        "end": 160
                      }
                    }
                  }
                },
                "span": {
                  "start": 157,
                  "end": 160
                }
              }
            }
          },
          "span": {
            "start": 152,
            "end": 160
          }
        }
      },
      "span": {
        "start": 152,
        "end": 162
      }
    },
    {
      "kind": {
        "Expression": {
          "kind": {
            "Assign": {
              "target": {
                "kind": {
                  "Variable": "i"
                },
                "span": {
                  "start": 162,
                  "end": 164
                }
              },
              "op": "Assign",
              "value": {
                "kind": {
                  "UnaryPostfix": {
                    "operand": {
                      "kind": {
                        "Variable": "x"
                      },
                      "span": {
                        "start": 167,
                        "end": 169
                      }
                    },
                    "op": "PostIncrement"
                  }
                },
                "span": {
                  "start": 167,
                  "end": 171
                }
              }
            }
          },
          "span": {
            "start": 162,
            "end": 171
          }
        }
      },
      "span": {
        "start": 162,
        "end": 173
      }
    },
    {
      "kind": {
        "Expression": {
          "kind": {
            "Assign": {
              "target": {
                "kind": {
                  "Variable": "j"
                },
                "span": {
                  "start": 173,
                  "end": 175
                }
              },
              "op": "Assign",
              "value": {
                "kind": {
                  "UnaryPrefix": {
                    "op": "PreIncrement",
                    "operand": {
                      "kind": {
                        "Variable": "x"
                      },
                      "span": {
                        "start": 180,
                        "end": 182
                      }
                    }
                  }
                },
                "span": {
                  "start": 178,
                  "end": 182
                }
              }
            }
          },
          "span": {
            "start": 173,
            "end": 182
          }
        }
      },
      "span": {
        "start": 173,
        "end": 184
      }
    },
    {
      "kind": {
        "Expression": {
          "kind": {
            "Assign": {
              "target": {
                "kind": {
                  "Variable": "k"
                },
                "span": {
                  "start": 184,
                  "end": 186
                }
              },
              "op": "Assign",
              "value": {
                "kind": {
                  "Binary": {
                    "left": {
                      "kind": {
                        "Binary": {
                          "left": {
                            "kind": {
                              "String": "hello"
                            },
                            "span": {
                              "start": 189,
                              "end": 196
                            }
                          },
                          "op": "Concat",
                          "right": {
                            "kind": {
                              "String": " "
                            },
                            "span": {
                              "start": 199,
                              "end": 202
                            }
                          }
                        }
                      },
                      "span": {
                        "start": 189,
                        "end": 202
                      }
                    },
                    "op": "Concat",
                    "right": {
                      "kind": {
                        "String": "world"
                      },
                      "span": {
                        "start": 205,
                        "end": 212
                      }
                    }
                  }
                },
                "span": {
                  "start": 189,
                  "end": 212
                }
              }
            }
          },
          "span": {
            "start": 184,
            "end": 212
          }
        }
      },
      "span": {
        "start": 184,
        "end": 214
      }
    },
    {
      "kind": {
        "Expression": {
          "kind": {
            "Assign": {
              "target": {
                "kind": {
                  "Variable": "l"
                },
                "span": {
                  "start": 214,
                  "end": 216
                }
              },
              "op": "Assign",
              "value": {
                "kind": {
                  "Binary": {
                    "left": {
                      "kind": {
                        "Binary": {
                          "left": {
                            "kind": {
                              "Variable": "a"
                            },
                            "span": {
                              "start": 219,
                              "end": 221
                            }
                          },
                          "op": "Add",
                          "right": {
                            "kind": {
                              "Variable": "b"
                            },
                            "span": {
                              "start": 224,
                              "end": 226
                            }
                          }
                        }
                      },
                      "span": {
                        "start": 219,
                        "end": 226
                      }
                    },
                    "op": "Sub",
                    "right": {
                      "kind": {
                        "Binary": {
                          "left": {
                            "kind": {
                              "Binary": {
                                "left": {
                                  "kind": {
                                    "Variable": "c"
                                  },
                                  "span": {
                                    "start": 229,
                                    "end": 231
                                  }
                                },
                                "op": "Mul",
                                "right": {
                                  "kind": {
                                    "Variable": "d"
                                  },
                                  "span": {
                                    "start": 234,
                                    "end": 236
                                  }
                                }
                              }
                            },
                            "span": {
                              "start": 229,
                              "end": 236
                            }
                          },
                          "op": "Div",
                          "right": {
                            "kind": {
                              "Variable": "e"
                            },
                            "span": {
                              "start": 239,
                              "end": 241
                            }
                          }
                        }
                      },
                      "span": {
                        "start": 229,
                        "end": 241
                      }
                    }
                  }
                },
                "span": {
                  "start": 219,
                  "end": 241
                }
              }
            }
          },
          "span": {
            "start": 214,
            "end": 241
          }
        }
      },
      "span": {
        "start": 214,
        "end": 243
      }
    },
    {
      "kind": {
        "Expression": {
          "kind": {
            "Assign": {
              "target": {
                "kind": {
                  "Variable": "m"
                },
                "span": {
                  "start": 243,
                  "end": 245
                }
              },
              "op": "Assign",
              "value": {
                "kind": {
                  "Binary": {
                    "left": {
                      "kind": {
                        "Binary": {
                          "left": {
                            "kind": {
                              "Variable": "a"
                            },
                            "span": {
                              "start": 248,
                              "end": 250
                            }
                          },
                          "op": "BitwiseAnd",
                          "right": {
                            "kind": {
                              "Variable": "b"
                            },
                            "span": {
                              "start": 253,
                              "end": 255
                            }
                          }
                        }
                      },
                      "span": {
                        "start": 248,
                        "end": 255
                      }
                    },
                    "op": "BitwiseOr",
                    "right": {
                      "kind": {
                        "Binary": {
                          "left": {
                            "kind": {
                              "Variable": "c"
                            },
                            "span": {
                              "start": 258,
                              "end": 260
                            }
                          },
                          "op": "BitwiseXor",
                          "right": {
                            "kind": {
                              "Variable": "d"
                            },
                            "span": {
                              "start": 263,
                              "end": 265
                            }
                          }
                        }
                      },
                      "span": {
                        "start": 258,
                        "end": 265
                      }
                    }
                  }
                },
                "span": {
                  "start": 248,
                  "end": 265
                }
              }
            }
          },
          "span": {
            "start": 243,
            "end": 265
          }
        }
      },
      "span": {
        "start": 243,
        "end": 267
      }
    },
    {
      "kind": {
        "Expression": {
          "kind": {
            "Assign": {
              "target": {
                "kind": {
                  "Variable": "n"
                },
                "span": {
                  "start": 267,
                  "end": 269
                }
              },
              "op": "Assign",
              "value": {
                "kind": {
                  "Binary": {
                    "left": {
                      "kind": {
                        "Variable": "a"
                      },
                      "span": {
                        "start": 272,
                        "end": 274
                      }
                    },
                    "op": "ShiftLeft",
                    "right": {
                      "kind": {
                        "Int": 2
                      },
                      "span": {
                        "start": 278,
                        "end": 279
                      }
                    }
                  }
                },
                "span": {
                  "start": 272,
                  "end": 279
                }
              }
            }
          },
          "span": {
            "start": 267,
            "end": 279
          }
        }
      },
      "span": {
        "start": 267,
        "end": 281
      }
    },
    {
      "kind": {
        "Expression": {
          "kind": {
            "Assign": {
              "target": {
                "kind": {
                  "Variable": "o"
                },
                "span": {
                  "start": 281,
                  "end": 283
                }
              },
              "op": "Assign",
              "value": {
                "kind": {
                  "Binary": {
                    "left": {
                      "kind": {
                        "Variable": "a"
                      },
                      "span": {
                        "start": 286,
                        "end": 288
                      }
                    },
                    "op": "ShiftRight",
                    "right": {
                      "kind": {
                        "Int": 1
                      },
                      "span": {
                        "start": 292,
                        "end": 293
                      }
                    }
                  }
                },
                "span": {
                  "start": 286,
                  "end": 293
                }
              }
            }
          },
          "span": {
            "start": 281,
            "end": 293
          }
        }
      },
      "span": {
        "start": 281,
        "end": 295
      }
    },
    {
      "kind": {
        "Expression": {
          "kind": {
            "Assign": {
              "target": {
                "kind": {
                  "Variable": "p"
                },
                "span": {
                  "start": 295,
                  "end": 297
                }
              },
              "op": "Assign",
              "value": {
                "kind": {
                  "Binary": {
                    "left": {
                      "kind": {
                        "Variable": "a"
                      },
                      "span": {
                        "start": 300,
                        "end": 302
                      }
                    },
                    "op": "Spaceship",
                    "right": {
                      "kind": {
                        "Variable": "b"
                      },
                      "span": {
                        "start": 307,
                        "end": 309
                      }
                    }
                  }
                },
                "span": {
                  "start": 300,
                  "end": 309
                }
              }
            }
          },
          "span": {
            "start": 295,
            "end": 309
          }
        }
      },
      "span": {
        "start": 295,
        "end": 311
      }
    },
    {
      "kind": {
        "Expression": {
          "kind": {
            "Assign": {
              "target": {
                "kind": {
                  "Variable": "q"
                },
                "span": {
                  "start": 311,
                  "end": 313
                }
              },
              "op": "Assign",
              "value": {
                "kind": {
                  "Ternary": {
                    "condition": {
                      "kind": {
                        "Variable": "a"
                      },
                      "span": {
                        "start": 316,
                        "end": 318
                      }
                    },
                    "then_expr": null,
                    "else_expr": {
                      "kind": {
                        "String": "fallback"
                      },
                      "span": {
                        "start": 322,
                        "end": 332
                      }
                    }
                  }
                },
                "span": {
                  "start": 316,
                  "end": 332
                }
              }
            }
          },
          "span": {
            "start": 311,
            "end": 332
          }
        }
      },
      "span": {
        "start": 311,
        "end": 334
      }
    }
  ],
  "span": {
    "start": 0,
    "end": 334
  }
}
