---
source: crates/php-parser/tests/integration.rs
expression: "fixture_with_errors(source, &result.errors, &result.program)"
---
=== source ===
<?php function test(): { }

=== errors ===
expected identifier, found '{'
=== snapshot ===
{
  "stmts": [
    {
      "kind": {
        "Function": {
          "name": "test",
          "params": [],
          "body": [],
          "return_type": {
            "kind": {
              "Named": {
                "parts": [
                  "<error>"
                ],
                "kind": "Unqualified",
                "span": {
                  "start": 23,
                  "end": 23
                }
              }
            },
            "span": {
              "start": 23,
              "end": 23
            }
          },
          "by_ref": false,
          "attributes": []
        }
      },
      "span": {
        "start": 6,
        "end": 26
      }
    }
  ],
  "span": {
    "start": 0,
    "end": 26
  }
}
