---
source: crates/php-parser/tests/integration.rs
expression: to_json(&result.program)
---
{
  "stmts": [
    {
      "kind": {
        "Use": {
          "kind": "Normal",
          "uses": [
            {
              "name": {
                "parts": [
                  "A",
                  "B",
                  "C"
                ],
                "kind": "Qualified",
                "span": {
                  "start": 10,
                  "end": 16
                }
              },
              "alias": null,
              "span": {
                "start": 15,
                "end": 16
              }
            }
          ]
        }
      },
      "span": {
        "start": 6,
        "end": 18
      }
    }
  ],
  "span": {
    "start": 0,
    "end": 18
  }
}
