---
source: crates/php-parser/tests/malformed_php.rs
expression: msgs
---
maximum expression nesting depth exceeded
expected ']', found '['
maximum expression nesting depth exceeded
expected ']', found '['
maximum expression nesting depth exceeded
expected ']', found '['
maximum expression nesting depth exceeded
expected ']', found '['
maximum expression nesting depth exceeded
expected ']', found '['
maximum expression nesting depth exceeded
expected ']', found '['
maximum expression nesting depth exceeded
expected ']', found '['
maximum expression nesting depth exceeded
expected ']', found '['
maximum expression nesting depth exceeded
expected ']', found '['
maximum expression nesting depth exceeded
expected ']', found '['
maximum expression nesting depth exceeded
expected ']', found '['
maximum expression nesting depth exceeded
expected ']', found '['
maximum expression nesting depth exceeded
expected ']', found '['
maximum expression nesting depth exceeded
expected ']', found '['
maximum expression nesting depth exceeded
expected ']', found '['
maximum expression nesting depth exceeded
expected ']', found '['
maximum expression nesting depth exceeded
expected ']', found '['
maximum expression nesting depth exceeded
expected ']', found '['
maximum expression nesting depth exceeded
expected ']', found '['
maximum expression nesting depth exceeded
expected ']', found '['
maximum expression nesting depth exceeded
expected ']', found '['
maximum expression nesting depth exceeded
expected ']', found '['
maximum expression nesting depth exceeded
expected ']', found '['
maximum expression nesting depth exceeded
expected ']', found '['
maximum expression nesting depth exceeded
expected ']', found '['
expected ';' after expression
expected expression
