---
source: crates/php-parser/tests/nikic_stmt_tests.rs
expression: json
---
{
  "stmts": [
    {
      "kind": {
        "Class": {
          "name": "Test",
          "modifiers": {
            "is_abstract": false,
            "is_final": false,
            "is_readonly": false
          },
          "extends": null,
          "implements": [],
          "members": [
            {
              "kind": {
                "Property": {
                  "name": "prop",
                  "visibility": "Public",
                  "set_visibility": null,
                  "is_static": false,
                  "is_readonly": false,
                  "type_hint": null,
                  "default": null,
                  "attributes": [],
                  "hooks": [
                    {
                      "kind": "Get",
                      "body": {
                        "Expression": {
                          "kind": {
                            "Int": 42
                          },
                          "span": {
                            "start": 55,
                            "end": 57
                          }
                        }
                      },
                      "is_final": false,
                      "by_ref": false,
                      "params": [],
                      "attributes": [],
                      "span": {
                        "start": 46,
                        "end": 63
                      }
                    }
                  ]
                }
              },
              "span": {
                "start": 23,
                "end": 65
              }
            }
          ],
          "attributes": []
        }
      },
      "span": {
        "start": 6,
        "end": 66
      }
    }
  ],
  "span": {
    "start": 0,
    "end": 66
  }
}
