---
source: crates/php-parser/tests/nikic_error_tests.rs
expression: json
---
{
  "stmts": [
    {
      "kind": {
        "Expression": {
          "kind": {
            "Binary": {
              "left": {
                "kind": {
                  "Variable": "foo"
                },
                "span": {
                  "start": 6,
                  "end": 10
                }
              },
              "op": "Instanceof",
              "right": {
                "kind": "Error",
                "span": {
                  "start": 21,
                  "end": 21
                }
              }
            }
          },
          "span": {
            "start": 6,
            "end": 21
          }
        }
      },
      "span": {
        "start": 6,
        "end": 21
      }
    }
  ],
  "span": {
    "start": 0,
    "end": 21
  }
}
