---
source: crates/php-parser/tests/nikic_error_tests.rs
expression: json
---
{
  "stmts": [
    {
      "kind": {
        "Expression": {
          "kind": {
            "FunctionCall": {
              "name": {
                "kind": {
                  "Identifier": "foo"
                },
                "span": {
                  "start": 7,
                  "end": 10
                }
              },
              "args": []
            }
          },
          "span": {
            "start": 7,
            "end": 13
          }
        }
      },
      "span": {
        "start": 7,
        "end": 13
      }
    },
    {
      "kind": {
        "Expression": {
          "kind": {
            "FunctionCall": {
              "name": {
                "kind": {
                  "Identifier": "bar"
                },
                "span": {
                  "start": 13,
                  "end": 16
                }
              },
              "args": []
            }
          },
          "span": {
            "start": 13,
            "end": 19
          }
        }
      },
      "span": {
        "start": 13,
        "end": 19
      }
    },
    {
      "kind": {
        "Expression": {
          "kind": {
            "FunctionCall": {
              "name": {
                "kind": {
                  "Identifier": "baz"
                },
                "span": {
                  "start": 19,
                  "end": 22
                }
              },
              "args": []
            }
          },
          "span": {
            "start": 19,
            "end": 24
          }
        }
      },
      "span": {
        "start": 19,
        "end": 24
      }
    }
  ],
  "span": {
    "start": 0,
    "end": 24
  }
}
