---
source: crates/php-parser/tests/nikic_misc_tests.rs
expression: json
---
{
  "stmts": [
    {
      "kind": {
        "Class": {
          "name": "Test",
          "modifiers": {
            "is_abstract": false,
            "is_final": false,
            "is_readonly": false
          },
          "extends": null,
          "implements": [],
          "members": [
            {
              "kind": {
                "Method": {
                  "name": "array",
                  "visibility": null,
                  "is_static": false,
                  "is_abstract": false,
                  "is_final": false,
                  "by_ref": false,
                  "params": [],
                  "return_type": null,
                  "body": [],
                  "attributes": []
                }
              },
              "span": {
                "start": 24,
                "end": 48
              }
            },
            {
              "kind": {
                "Method": {
                  "name": "public",
                  "visibility": null,
                  "is_static": false,
                  "is_abstract": false,
                  "is_final": false,
                  "by_ref": false,
                  "params": [],
                  "return_type": null,
                  "body": [],
                  "attributes": []
                }
              },
              "span": {
                "start": 48,
                "end": 74
              }
            },
            {
              "kind": {
                "Method": {
                  "name": "list",
                  "visibility": null,
                  "is_static": true,
                  "is_abstract": false,
                  "is_final": false,
                  "by_ref": false,
                  "params": [],
                  "return_type": null,
                  "body": [],
                  "attributes": []
                }
              },
              "span": {
                "start": 74,
                "end": 104
              }
            },
            {
              "kind": {
                "Method": {
                  "name": "protected",
                  "visibility": null,
                  "is_static": true,
                  "is_abstract": false,
                  "is_final": false,
                  "by_ref": false,
                  "params": [],
                  "return_type": null,
                  "body": [],
                  "attributes": []
                }
              },
              "span": {
                "start": 104,
                "end": 140
              }
            },
            {
              "kind": {
                "Property": {
                  "name": "class",
                  "visibility": "Public",
                  "set_visibility": null,
                  "is_static": false,
                  "is_readonly": false,
                  "type_hint": null,
                  "default": null,
                  "attributes": []
                }
              },
              "span": {
                "start": 140,
                "end": 153
              }
            },
            {
              "kind": {
                "Property": {
                  "name": "private",
                  "visibility": "Public",
                  "set_visibility": null,
                  "is_static": false,
                  "is_readonly": false,
                  "type_hint": null,
                  "default": null,
                  "attributes": []
                }
              },
              "span": {
                "start": 159,
                "end": 174
              }
            },
            {
              "kind": {
                "ClassConst": {
                  "name": "TRAIT",
                  "visibility": null,
                  "value": {
                    "kind": {
                      "Int": 3
                    },
                    "span": {
                      "start": 195,
                      "end": 196
                    }
                  },
                  "attributes": []
                }
              },
              "span": {
                "start": 181,
                "end": 214
              }
            },
            {
              "kind": {
                "ClassConst": {
                  "name": "FINAL",
                  "visibility": null,
                  "value": {
                    "kind": {
                      "Int": 4
                    },
                    "span": {
                      "start": 206,
                      "end": 207
                    }
                  },
                  "attributes": []
                }
              },
              "span": {
                "start": 181,
                "end": 214
              }
            },
            {
              "kind": {
                "ClassConst": {
                  "name": "__CLASS__",
                  "visibility": null,
                  "value": {
                    "kind": {
                      "Int": 1
                    },
                    "span": {
                      "start": 232,
                      "end": 233
                    }
                  },
                  "attributes": []
                }
              },
              "span": {
                "start": 214,
                "end": 391
              }
            },
            {
              "kind": {
                "ClassConst": {
                  "name": "__TRAIT__",
                  "visibility": null,
                  "value": {
                    "kind": {
                      "Int": 2
                    },
                    "span": {
                      "start": 247,
                      "end": 248
                    }
                  },
                  "attributes": []
                }
              },
              "span": {
                "start": 214,
                "end": 391
              }
            },
            {
              "kind": {
                "ClassConst": {
                  "name": "__FUNCTION__",
                  "visibility": null,
                  "value": {
                    "kind": {
                      "Int": 3
                    },
                    "span": {
                      "start": 265,
                      "end": 266
                    }
                  },
                  "attributes": []
                }
              },
              "span": {
                "start": 214,
                "end": 391
              }
            },
            {
              "kind": {
                "ClassConst": {
                  "name": "__METHOD__",
                  "visibility": null,
                  "value": {
                    "kind": {
                      "Int": 4
                    },
                    "span": {
                      "start": 281,
                      "end": 282
                    }
                  },
                  "attributes": []
                }
              },
              "span": {
                "start": 214,
                "end": 391
              }
            },
            {
              "kind": {
                "ClassConst": {
                  "name": "__LINE__",
                  "visibility": null,
                  "value": {
                    "kind": {
                      "Int": 5
                    },
                    "span": {
                      "start": 295,
                      "end": 296
                    }
                  },
                  "attributes": []
                }
              },
              "span": {
                "start": 214,
                "end": 391
              }
            },
            {
              "kind": {
                "ClassConst": {
                  "name": "__FILE__",
                  "visibility": null,
                  "value": {
                    "kind": {
                      "Int": 6
                    },
                    "span": {
                      "start": 319,
                      "end": 320
                    }
                  },
                  "attributes": []
                }
              },
              "span": {
                "start": 214,
                "end": 391
              }
            },
            {
              "kind": {
                "ClassConst": {
                  "name": "__DIR__",
                  "visibility": null,
                  "value": {
                    "kind": {
                      "Int": 7
                    },
                    "span": {
                      "start": 332,
                      "end": 333
                    }
                  },
                  "attributes": []
                }
              },
              "span": {
                "start": 214,
                "end": 391
              }
            },
            {
              "kind": {
                "ClassConst": {
                  "name": "__NAMESPACE__",
                  "visibility": null,
                  "value": {
                    "kind": {
                      "Int": 8
                    },
                    "span": {
                      "start": 351,
                      "end": 352
                    }
                  },
                  "attributes": []
                }
              },
              "span": {
                "start": 214,
                "end": 391
              }
            }
          ],
          "attributes": []
        }
      },
      "span": {
        "start": 7,
        "end": 392
      }
    },
    {
      "kind": {
        "Expression": {
          "kind": {
            "Assign": {
              "target": {
                "kind": {
                  "Variable": "t"
                },
                "span": {
                  "start": 394,
                  "end": 396
                }
              },
              "op": "Assign",
              "value": {
                "kind": {
                  "New": {
                    "class": {
                      "kind": {
                        "Identifier": "Test"
                      },
                      "span": {
                        "start": 403,
                        "end": 407
                      }
                    },
                    "args": []
                  }
                },
                "span": {
                  "start": 399,
                  "end": 407
                }
              }
            }
          },
          "span": {
            "start": 394,
            "end": 407
          }
        }
      },
      "span": {
        "start": 394,
        "end": 409
      }
    },
    {
      "kind": {
        "Expression": {
          "kind": {
            "MethodCall": {
              "object": {
                "kind": {
                  "Variable": "t"
                },
                "span": {
                  "start": 409,
                  "end": 411
                }
              },
              "method": {
                "kind": {
                  "Identifier": "array"
                },
                "span": {
                  "start": 413,
                  "end": 418
                }
              },
              "args": []
            }
          },
          "span": {
            "start": 409,
            "end": 420
          }
        }
      },
      "span": {
        "start": 409,
        "end": 422
      }
    },
    {
      "kind": {
        "Expression": {
          "kind": {
            "MethodCall": {
              "object": {
                "kind": {
                  "Variable": "t"
                },
                "span": {
                  "start": 422,
                  "end": 424
                }
              },
              "method": {
                "kind": {
                  "Identifier": "public"
                },
                "span": {
                  "start": 426,
                  "end": 432
                }
              },
              "args": []
            }
          },
          "span": {
            "start": 422,
            "end": 434
          }
        }
      },
      "span": {
        "start": 422,
        "end": 437
      }
    },
    {
      "kind": {
        "Expression": {
          "kind": {
            "StaticMethodCall": {
              "class": {
                "kind": {
                  "Identifier": "Test"
                },
                "span": {
                  "start": 437,
                  "end": 441
                }
              },
              "method": "list",
              "args": []
            }
          },
          "span": {
            "start": 437,
            "end": 449
          }
        }
      },
      "span": {
        "start": 437,
        "end": 451
      }
    },
    {
      "kind": {
        "Expression": {
          "kind": {
            "StaticMethodCall": {
              "class": {
                "kind": {
                  "Identifier": "Test"
                },
                "span": {
                  "start": 451,
                  "end": 455
                }
              },
              "method": "protected",
              "args": []
            }
          },
          "span": {
            "start": 451,
            "end": 468
          }
        }
      },
      "span": {
        "start": 451,
        "end": 471
      }
    },
    {
      "kind": {
        "Expression": {
          "kind": {
            "PropertyAccess": {
              "object": {
                "kind": {
                  "Variable": "t"
                },
                "span": {
                  "start": 471,
                  "end": 473
                }
              },
              "property": {
                "kind": {
                  "Identifier": "class"
                },
                "span": {
                  "start": 475,
                  "end": 480
                }
              }
            }
          },
          "span": {
            "start": 471,
            "end": 480
          }
        }
      },
      "span": {
        "start": 471,
        "end": 482
      }
    },
    {
      "kind": {
        "Expression": {
          "kind": {
            "PropertyAccess": {
              "object": {
                "kind": {
                  "Variable": "t"
                },
                "span": {
                  "start": 482,
                  "end": 484
                }
              },
              "property": {
                "kind": {
                  "Identifier": "private"
                },
                "span": {
                  "start": 486,
                  "end": 493
                }
              }
            }
          },
          "span": {
            "start": 482,
            "end": 493
          }
        }
      },
      "span": {
        "start": 482,
        "end": 496
      }
    },
    {
      "kind": {
        "Expression": {
          "kind": {
            "ClassConstAccess": {
              "class": {
                "kind": {
                  "Identifier": "Test"
                },
                "span": {
                  "start": 496,
                  "end": 500
                }
              },
              "member": "TRAIT"
            }
          },
          "span": {
            "start": 496,
            "end": 507
          }
        }
      },
      "span": {
        "start": 496,
        "end": 509
      }
    },
    {
      "kind": {
        "Expression": {
          "kind": {
            "ClassConstAccess": {
              "class": {
                "kind": {
                  "Identifier": "Test"
                },
                "span": {
                  "start": 509,
                  "end": 513
                }
              },
              "member": "FINAL"
            }
          },
          "span": {
            "start": 509,
            "end": 520
          }
        }
      },
      "span": {
        "start": 509,
        "end": 523
      }
    },
    {
      "kind": {
        "Class": {
          "name": "Foo",
          "modifiers": {
            "is_abstract": false,
            "is_final": false,
            "is_readonly": false
          },
          "extends": null,
          "implements": [],
          "members": [
            {
              "kind": {
                "TraitUse": {
                  "traits": [
                    {
                      "parts": [
                        "TraitA"
                      ],
                      "kind": "Unqualified",
                      "span": {
                        "start": 543,
                        "end": 549
                      }
                    },
                    {
                      "parts": [
                        "TraitB"
                      ],
                      "kind": "Unqualified",
                      "span": {
                        "start": 551,
                        "end": 558
                      }
                    }
                  ],
                  "adaptations": [
                    {
                      "kind": {
                        "Precedence": {
                          "trait_name": {
                            "parts": [
                              "TraitA"
                            ],
                            "kind": "Unqualified",
                            "span": {
                              "start": 568,
                              "end": 574
                            }
                          },
                          "method": "catch",
                          "insteadof": [
                            {
                              "parts": [
                                "TraitB"
                              ],
                              "kind": "Relative",
                              "span": {
                                "start": 592,
                                "end": 608
                              }
                            }
                          ]
                        }
                      },
                      "span": {
                        "start": 568,
                        "end": 618
                      }
                    },
                    {
                      "kind": {
                        "Alias": {
                          "trait_name": {
                            "parts": [
                              "TraitA"
                            ],
                            "kind": "Unqualified",
                            "span": {
                              "start": 618,
                              "end": 624
                            }
                          },
                          "method": "list",
                          "new_modifier": null,
                          "new_name": "foreach"
                        }
                      },
                      "span": {
                        "start": 618,
                        "end": 651
                      }
                    },
                    {
                      "kind": {
                        "Alias": {
                          "trait_name": {
                            "parts": [
                              "TraitB"
                            ],
                            "kind": "Unqualified",
                            "span": {
                              "start": 651,
                              "end": 657
                            }
                          },
                          "method": "throw",
                          "new_modifier": "Protected",
                          "new_name": "public"
                        }
                      },
                      "span": {
                        "start": 651,
                        "end": 694
                      }
                    },
                    {
                      "kind": {
                        "Alias": {
                          "trait_name": {
                            "parts": [
                              "TraitB"
                            ],
                            "kind": "Unqualified",
                            "span": {
                              "start": 694,
                              "end": 700
                            }
                          },
                          "method": "self",
                          "new_modifier": "Protected",
                          "new_name": null
                        }
                      },
                      "span": {
                        "start": 694,
                        "end": 729
                      }
                    },
                    {
                      "kind": {
                        "Alias": {
                          "trait_name": null,
                          "method": "exit",
                          "new_modifier": null,
                          "new_name": "die"
                        }
                      },
                      "span": {
                        "start": 729,
                        "end": 750
                      }
                    },
                    {
                      "kind": {
                        "Alias": {
                          "trait_name": {
                            "parts": [
                              "TraitC"
                            ],
                            "kind": "FullyQualified",
                            "span": {
                              "start": 750,
                              "end": 757
                            }
                          },
                          "method": "exit",
                          "new_modifier": null,
                          "new_name": "bye"
                        }
                      },
                      "span": {
                        "start": 750,
                        "end": 780
                      }
                    },
                    {
                      "kind": {
                        "Alias": {
                          "trait_name": {
                            "parts": [
                              "TraitC"
                            ],
                            "kind": "Relative",
                            "span": {
                              "start": 780,
                              "end": 796
                            }
                          },
                          "method": "exit",
                          "new_modifier": null,
                          "new_name": "byebye"
                        }
                      },
                      "span": {
                        "start": 780,
                        "end": 822
                      }
                    },
                    {
                      "kind": {
                        "Precedence": {
                          "trait_name": {
                            "parts": [
                              "TraitA"
                            ],
                            "kind": "Unqualified",
                            "span": {
                              "start": 822,
                              "end": 828
                            }
                          },
                          "method": "catch",
                          "insteadof": [
                            {
                              "parts": [
                                "TraitB"
                              ],
                              "kind": "Unqualified",
                              "span": {
                                "start": 982,
                                "end": 988
                              }
                            }
                          ]
                        }
                      },
                      "span": {
                        "start": 822,
                        "end": 994
                      }
                    }
                  ]
                }
              },
              "span": {
                "start": 539,
                "end": 996
              }
            }
          ],
          "attributes": []
        }
      },
      "span": {
        "start": 523,
        "end": 997
      }
    }
  ],
  "span": {
    "start": 0,
    "end": 997
  }
}
