---
source: crates/php-parser/tests/php_syntax.rs
expression: "common::to_json(&result.program)"
---
{
  "stmts": [
    {
      "kind": {
        "Class": {
          "name": "P",
          "modifiers": {
            "is_abstract": false,
            "is_final": false,
            "is_readonly": false
          },
          "extends": null,
          "implements": [],
          "members": [
            {
              "kind": {
                "Method": {
                  "name": "__construct",
                  "visibility": "Public",
                  "is_static": false,
                  "is_abstract": false,
                  "is_final": false,
                  "by_ref": false,
                  "params": [
                    {
                      "name": "i",
                      "type_hint": {
                        "kind": {
                          "Named": {
                            "parts": [
                              "int"
                            ],
                            "kind": "Unqualified",
                            "span": {
                              "start": 50,
                              "end": 53
                            }
                          }
                        },
                        "span": {
                          "start": 50,
                          "end": 53
                        }
                      },
                      "default": null,
                      "by_ref": false,
                      "variadic": false,
                      "is_readonly": false,
                      "is_final": true,
                      "visibility": null,
                      "set_visibility": null,
                      "attributes": [],
                      "span": {
                        "start": 44,
                        "end": 56
                      }
                    }
                  ],
                  "return_type": null,
                  "body": [],
                  "attributes": []
                }
              },
              "span": {
                "start": 16,
                "end": 61
              }
            }
          ],
          "attributes": []
        }
      },
      "span": {
        "start": 6,
        "end": 62
      }
    }
  ],
  "span": {
    "start": 0,
    "end": 62
  }
}
